src/app/pdf/pdf-to-excel/page.tsx(143,29): error TS2322: Type '{ message: string; subMessage: string | undefined; }' is not assignable to type 'IntrinsicAttributes & FileProcessingOverlayProps'.
  Property 'subMessage' does not exist on type 'IntrinsicAttributes & FileProcessingOverlayProps'. Did you mean 'message'?
src/app/pdf/pdf-to-ppt/page.tsx(143,29): error TS2322: Type '{ message: string; subMessage: string | undefined; }' is not assignable to type 'IntrinsicAttributes & FileProcessingOverlayProps'.
  Property 'subMessage' does not exist on type 'IntrinsicAttributes & FileProcessingOverlayProps'. Did you mean 'message'?
src/app/pdf/pdf-to-word/page.tsx(145,29): error TS2322: Type '{ message: string; subMessage: string | undefined; }' is not assignable to type 'IntrinsicAttributes & FileProcessingOverlayProps'.
  Property 'subMessage' does not exist on type 'IntrinsicAttributes & FileProcessingOverlayProps'. Did you mean 'message'?
src/workers/office-zeta.worker.ts(78,9): error TS2304: Cannot find name 'importScripts'.
